// Jest Snapshot v1, https://goo.gl/fbAQLP

exports[`displays radio buttons with methods renders data from api with radio buttons 1`] = `
<DocumentFragment>
  <div>
    <form
      class="Form"
    >
      <input
        class="url"
        name="url"
        placeholder="Place URL here..."
        type="text"
        value=""
      />
      <div>
        <section
          class="bouncy"
        >
          <input
            id="get"
            name="method"
            type="radio"
            value="GET"
          />
          <label
            for="get"
          >
            GET
          </label>
          <input
            id="post"
            name="method"
            type="radio"
            value="POST"
          />
          <label
            for="post"
          >
            POST
          </label>
          <input
            id="put"
            name="method"
            type="radio"
            value="PUT"
          />
          <label
            for="put"
          >
            PUT
          </label>
          <input
            id="patch"
            name="method"
            type="radio"
            value="PATCH"
          />
          <label
            for="patch"
          >
            PATCH
          </label>
          <input
            id="delete"
            name="method"
            type="radio"
            value="DELETE"
          />
          <label
            for="delete"
          >
            DELETE
          </label>
        </section>
        <button>
          Resty
        </button>
      </div>
      <textarea
        name="body"
        placeholder="JSON in the raw"
      />
    </form>
  </div>
</DocumentFragment>
`;
